  Determining projects to restore...
  All projects are up-to-date for restore.
D:\Parth\New folder (2)\firebace-main\firebace-main\api\Program.cs(2,43): error CS0234: The type or namespace name 'JwtBearer' does not exist in the namespace 'Microsoft.AspNetCore.Authentication' (are you missing an assembly reference?) [D:\Parth\New folder (2)\firebace-main\firebace-main\api\MoneyFlowApi.csproj]
D:\Parth\New folder (2)\firebace-main\firebace-main\api\Services\AuthService.cs(5,7): error CS0246: The type or namespace name 'BCrypt' could not be found (are you missing a using directive or an assembly reference?) [D:\Parth\New folder (2)\firebace-main\firebace-main\api\MoneyFlowApi.csproj]

Build FAILED.

D:\Parth\New folder (2)\firebace-main\firebace-main\api\Program.cs(2,43): error CS0234: The type or namespace name 'JwtBearer' does not exist in the namespace 'Microsoft.AspNetCore.Authentication' (are you missing an assembly reference?) [D:\Parth\New folder (2)\firebace-main\firebace-main\api\MoneyFlowApi.csproj]
D:\Parth\New folder (2)\firebace-main\firebace-main\api\Services\AuthService.cs(5,7): error CS0246: The type or namespace name 'BCrypt' could not be found (are you missing a using directive or an assembly reference?) [D:\Parth\New folder (2)\firebace-main\firebace-main\api\MoneyFlowApi.csproj]
    0 Warning(s)
    2 Error(s)

Time Elapsed 00:00:01.00
