  Determining projects to restore...
  All projects are up-to-date for restore.
D:\Parth\New folder (2)\firebace-main\firebace-main\api\Program.cs(36,18): error CS1061: 'IServiceCollection' does not contain a definition for 'AddSwaggerGen' and no accessible extension method 'AddSwaggerGen' accepting a first argument of type 'IServiceCollection' could be found (are you missing a using directive or an assembly reference?) [D:\Parth\New folder (2)\firebace-main\firebace-main\api\MoneyFlowApi.csproj]
D:\Parth\New folder (2)\firebace-main\firebace-main\api\Program.cs(51,9): error CS1061: 'WebApplication' does not contain a definition for 'UseSwagger' and no accessible extension method 'UseSwagger' accepting a first argument of type 'WebApplication' could be found (are you missing a using directive or an assembly reference?) [D:\Parth\New folder (2)\firebace-main\firebace-main\api\MoneyFlowApi.csproj]
D:\Parth\New folder (2)\firebace-main\firebace-main\api\Program.cs(52,9): error CS1061: 'WebApplication' does not contain a definition for 'UseSwaggerUI' and no accessible extension method 'UseSwaggerUI' accepting a first argument of type 'WebApplication' could be found (are you missing a using directive or an assembly reference?) [D:\Parth\New folder (2)\firebace-main\firebace-main\api\MoneyFlowApi.csproj]

Build FAILED.

D:\Parth\New folder (2)\firebace-main\firebace-main\api\Program.cs(36,18): error CS1061: 'IServiceCollection' does not contain a definition for 'AddSwaggerGen' and no accessible extension method 'AddSwaggerGen' accepting a first argument of type 'IServiceCollection' could be found (are you missing a using directive or an assembly reference?) [D:\Parth\New folder (2)\firebace-main\firebace-main\api\MoneyFlowApi.csproj]
D:\Parth\New folder (2)\firebace-main\firebace-main\api\Program.cs(51,9): error CS1061: 'WebApplication' does not contain a definition for 'UseSwagger' and no accessible extension method 'UseSwagger' accepting a first argument of type 'WebApplication' could be found (are you missing a using directive or an assembly reference?) [D:\Parth\New folder (2)\firebace-main\firebace-main\api\MoneyFlowApi.csproj]
D:\Parth\New folder (2)\firebace-main\firebace-main\api\Program.cs(52,9): error CS1061: 'WebApplication' does not contain a definition for 'UseSwaggerUI' and no accessible extension method 'UseSwaggerUI' accepting a first argument of type 'WebApplication' could be found (are you missing a using directive or an assembly reference?) [D:\Parth\New folder (2)\firebace-main\firebace-main\api\MoneyFlowApi.csproj]
    0 Warning(s)
    3 Error(s)

Time Elapsed 00:00:01.15
