  Determining projects to restore...
  All projects are up-to-date for restore.
C:\Program Files\dotnet\sdk\9.0.311\Microsoft.Common.CurrentVersion.targets(5394,5): warning MSB3026: Could not copy "D:\Parth\New folder (2)\firebace-main\firebace-main\api\obj\Debug\net8.0\apphost.exe" to "bin\Debug\net8.0\MoneyFlowApi.exe". Beginning retry 1 in 1000ms. The process cannot access the file 'D:\Parth\New folder (2)\firebace-main\firebace-main\api\bin\Debug\net8.0\MoneyFlowApi.exe' because it is being used by another process. The file is locked by: "MoneyFlowApi (27856)" [D:\Parth\New folder (2)\firebace-main\firebace-main\api\MoneyFlowApi.csproj]
C:\Program Files\dotnet\sdk\9.0.311\Microsoft.Common.CurrentVersion.targets(5394,5): warning MSB3026: Could not copy "D:\Parth\New folder (2)\firebace-main\firebace-main\api\obj\Debug\net8.0\apphost.exe" to "bin\Debug\net8.0\MoneyFlowApi.exe". Beginning retry 2 in 1000ms. The process cannot access the file 'D:\Parth\New folder (2)\firebace-main\firebace-main\api\bin\Debug\net8.0\MoneyFlowApi.exe' because it is being used by another process. The file is locked by: "MoneyFlowApi (27856)" [D:\Parth\New folder (2)\firebace-main\firebace-main\api\MoneyFlowApi.csproj]
C:\Program Files\dotnet\sdk\9.0.311\Microsoft.Common.CurrentVersion.targets(5394,5): warning MSB3026: Could not copy "D:\Parth\New folder (2)\firebace-main\firebace-main\api\obj\Debug\net8.0\apphost.exe" to "bin\Debug\net8.0\MoneyFlowApi.exe". Beginning retry 3 in 1000ms. The process cannot access the file 'D:\Parth\New folder (2)\firebace-main\firebace-main\api\bin\Debug\net8.0\MoneyFlowApi.exe' because it is being used by another process. The file is locked by: "MoneyFlowApi (27856)" [D:\Parth\New folder (2)\firebace-main\firebace-main\api\MoneyFlowApi.csproj]
C:\Program Files\dotnet\sdk\9.0.311\Microsoft.Common.CurrentVersion.targets(5394,5): warning MSB3026: Could not copy "D:\Parth\New folder (2)\firebace-main\firebace-main\api\obj\Debug\net8.0\apphost.exe" to "bin\Debug\net8.0\MoneyFlowApi.exe". Beginning retry 4 in 1000ms. The process cannot access the file 'D:\Parth\New folder (2)\firebace-main\firebace-main\api\bin\Debug\net8.0\MoneyFlowApi.exe' because it is being used by another process. The file is locked by: "MoneyFlowApi (27856)" [D:\Parth\New folder (2)\firebace-main\firebace-main\api\MoneyFlowApi.csproj]
C:\Program Files\dotnet\sdk\9.0.311\Microsoft.Common.CurrentVersion.targets(5394,5): warning MSB3026: Could not copy "D:\Parth\New folder (2)\firebace-main\firebace-main\api\obj\Debug\net8.0\apphost.exe" to "bin\Debug\net8.0\MoneyFlowApi.exe". Beginning retry 5 in 1000ms. The process cannot access the file 'D:\Parth\New folder (2)\firebace-main\firebace-main\api\bin\Debug\net8.0\MoneyFlowApi.exe' because it is being used by another process. The file is locked by: "MoneyFlowApi (27856)" [D:\Parth\New folder (2)\firebace-main\firebace-main\api\MoneyFlowApi.csproj]
C:\Program Files\dotnet\sdk\9.0.311\Microsoft.Common.CurrentVersion.targets(5394,5): warning MSB3026: Could not copy "D:\Parth\New folder (2)\firebace-main\firebace-main\api\obj\Debug\net8.0\apphost.exe" to "bin\Debug\net8.0\MoneyFlowApi.exe". Beginning retry 6 in 1000ms. The process cannot access the file 'D:\Parth\New folder (2)\firebace-main\firebace-main\api\bin\Debug\net8.0\MoneyFlowApi.exe' because it is being used by another process. The file is locked by: "MoneyFlowApi (27856)" [D:\Parth\New folder (2)\firebace-main\firebace-main\api\MoneyFlowApi.csproj]
C:\Program Files\dotnet\sdk\9.0.311\Microsoft.Common.CurrentVersion.targets(5394,5): warning MSB3026: Could not copy "D:\Parth\New folder (2)\firebace-main\firebace-main\api\obj\Debug\net8.0\apphost.exe" to "bin\Debug\net8.0\MoneyFlowApi.exe". Beginning retry 7 in 1000ms. The process cannot access the file 'D:\Parth\New folder (2)\firebace-main\firebace-main\api\bin\Debug\net8.0\MoneyFlowApi.exe' because it is being used by another process. The file is locked by: "MoneyFlowApi (27856)" [D:\Parth\New folder (2)\firebace-main\firebace-main\api\MoneyFlowApi.csproj]
C:\Program Files\dotnet\sdk\9.0.311\Microsoft.Common.CurrentVersion.targets(5394,5): warning MSB3026: Could not copy "D:\Parth\New folder (2)\firebace-main\firebace-main\api\obj\Debug\net8.0\apphost.exe" to "bin\Debug\net8.0\MoneyFlowApi.exe". Beginning retry 8 in 1000ms. The process cannot access the file 'D:\Parth\New folder (2)\firebace-main\firebace-main\api\bin\Debug\net8.0\MoneyFlowApi.exe' because it is being used by another process. The file is locked by: "MoneyFlowApi (27856)" [D:\Parth\New folder (2)\firebace-main\firebace-main\api\MoneyFlowApi.csproj]
C:\Program Files\dotnet\sdk\9.0.311\Microsoft.Common.CurrentVersion.targets(5394,5): warning MSB3026: Could not copy "D:\Parth\New folder (2)\firebace-main\firebace-main\api\obj\Debug\net8.0\apphost.exe" to "bin\Debug\net8.0\MoneyFlowApi.exe". Beginning retry 9 in 1000ms. The process cannot access the file 'D:\Parth\New folder (2)\firebace-main\firebace-main\api\bin\Debug\net8.0\MoneyFlowApi.exe' because it is being used by another process. The file is locked by: "MoneyFlowApi (27856)" [D:\Parth\New folder (2)\firebace-main\firebace-main\api\MoneyFlowApi.csproj]
C:\Program Files\dotnet\sdk\9.0.311\Microsoft.Common.CurrentVersion.targets(5394,5): warning MSB3026: Could not copy "D:\Parth\New folder (2)\firebace-main\firebace-main\api\obj\Debug\net8.0\apphost.exe" to "bin\Debug\net8.0\MoneyFlowApi.exe". Beginning retry 10 in 1000ms. The process cannot access the file 'D:\Parth\New folder (2)\firebace-main\firebace-main\api\bin\Debug\net8.0\MoneyFlowApi.exe' because it is being used by another process. The file is locked by: "MoneyFlowApi (27856)" [D:\Parth\New folder (2)\firebace-main\firebace-main\api\MoneyFlowApi.csproj]
C:\Program Files\dotnet\sdk\9.0.311\Microsoft.Common.CurrentVersion.targets(5394,5): error MSB3027: Could not copy "D:\Parth\New folder (2)\firebace-main\firebace-main\api\obj\Debug\net8.0\apphost.exe" to "bin\Debug\net8.0\MoneyFlowApi.exe". Exceeded retry count of 10. Failed. The file is locked by: "MoneyFlowApi (27856)" [D:\Parth\New folder (2)\firebace-main\firebace-main\api\MoneyFlowApi.csproj]
C:\Program Files\dotnet\sdk\9.0.311\Microsoft.Common.CurrentVersion.targets(5394,5): error MSB3021: Unable to copy file "D:\Parth\New folder (2)\firebace-main\firebace-main\api\obj\Debug\net8.0\apphost.exe" to "bin\Debug\net8.0\MoneyFlowApi.exe". The process cannot access the file 'D:\Parth\New folder (2)\firebace-main\firebace-main\api\bin\Debug\net8.0\MoneyFlowApi.exe' because it is being used by another process. [D:\Parth\New folder (2)\firebace-main\firebace-main\api\MoneyFlowApi.csproj]

Build FAILED.

C:\Program Files\dotnet\sdk\9.0.311\Microsoft.Common.CurrentVersion.targets(5394,5): warning MSB3026: Could not copy "D:\Parth\New folder (2)\firebace-main\firebace-main\api\obj\Debug\net8.0\apphost.exe" to "bin\Debug\net8.0\MoneyFlowApi.exe". Beginning retry 1 in 1000ms. The process cannot access the file 'D:\Parth\New folder (2)\firebace-main\firebace-main\api\bin\Debug\net8.0\MoneyFlowApi.exe' because it is being used by another process. The file is locked by: "MoneyFlowApi (27856)" [D:\Parth\New folder (2)\firebace-main\firebace-main\api\MoneyFlowApi.csproj]
C:\Program Files\dotnet\sdk\9.0.311\Microsoft.Common.CurrentVersion.targets(5394,5): warning MSB3026: Could not copy "D:\Parth\New folder (2)\firebace-main\firebace-main\api\obj\Debug\net8.0\apphost.exe" to "bin\Debug\net8.0\MoneyFlowApi.exe". Beginning retry 2 in 1000ms. The process cannot access the file 'D:\Parth\New folder (2)\firebace-main\firebace-main\api\bin\Debug\net8.0\MoneyFlowApi.exe' because it is being used by another process. The file is locked by: "MoneyFlowApi (27856)" [D:\Parth\New folder (2)\firebace-main\firebace-main\api\MoneyFlowApi.csproj]
C:\Program Files\dotnet\sdk\9.0.311\Microsoft.Common.CurrentVersion.targets(5394,5): warning MSB3026: Could not copy "D:\Parth\New folder (2)\firebace-main\firebace-main\api\obj\Debug\net8.0\apphost.exe" to "bin\Debug\net8.0\MoneyFlowApi.exe". Beginning retry 3 in 1000ms. The process cannot access the file 'D:\Parth\New folder (2)\firebace-main\firebace-main\api\bin\Debug\net8.0\MoneyFlowApi.exe' because it is being used by another process. The file is locked by: "MoneyFlowApi (27856)" [D:\Parth\New folder (2)\firebace-main\firebace-main\api\MoneyFlowApi.csproj]
C:\Program Files\dotnet\sdk\9.0.311\Microsoft.Common.CurrentVersion.targets(5394,5): warning MSB3026: Could not copy "D:\Parth\New folder (2)\firebace-main\firebace-main\api\obj\Debug\net8.0\apphost.exe" to "bin\Debug\net8.0\MoneyFlowApi.exe". Beginning retry 4 in 1000ms. The process cannot access the file 'D:\Parth\New folder (2)\firebace-main\firebace-main\api\bin\Debug\net8.0\MoneyFlowApi.exe' because it is being used by another process. The file is locked by: "MoneyFlowApi (27856)" [D:\Parth\New folder (2)\firebace-main\firebace-main\api\MoneyFlowApi.csproj]
C:\Program Files\dotnet\sdk\9.0.311\Microsoft.Common.CurrentVersion.targets(5394,5): warning MSB3026: Could not copy "D:\Parth\New folder (2)\firebace-main\firebace-main\api\obj\Debug\net8.0\apphost.exe" to "bin\Debug\net8.0\MoneyFlowApi.exe". Beginning retry 5 in 1000ms. The process cannot access the file 'D:\Parth\New folder (2)\firebace-main\firebace-main\api\bin\Debug\net8.0\MoneyFlowApi.exe' because it is being used by another process. The file is locked by: "MoneyFlowApi (27856)" [D:\Parth\New folder (2)\firebace-main\firebace-main\api\MoneyFlowApi.csproj]
C:\Program Files\dotnet\sdk\9.0.311\Microsoft.Common.CurrentVersion.targets(5394,5): warning MSB3026: Could not copy "D:\Parth\New folder (2)\firebace-main\firebace-main\api\obj\Debug\net8.0\apphost.exe" to "bin\Debug\net8.0\MoneyFlowApi.exe". Beginning retry 6 in 1000ms. The process cannot access the file 'D:\Parth\New folder (2)\firebace-main\firebace-main\api\bin\Debug\net8.0\MoneyFlowApi.exe' because it is being used by another process. The file is locked by: "MoneyFlowApi (27856)" [D:\Parth\New folder (2)\firebace-main\firebace-main\api\MoneyFlowApi.csproj]
C:\Program Files\dotnet\sdk\9.0.311\Microsoft.Common.CurrentVersion.targets(5394,5): warning MSB3026: Could not copy "D:\Parth\New folder (2)\firebace-main\firebace-main\api\obj\Debug\net8.0\apphost.exe" to "bin\Debug\net8.0\MoneyFlowApi.exe". Beginning retry 7 in 1000ms. The process cannot access the file 'D:\Parth\New folder (2)\firebace-main\firebace-main\api\bin\Debug\net8.0\MoneyFlowApi.exe' because it is being used by another process. The file is locked by: "MoneyFlowApi (27856)" [D:\Parth\New folder (2)\firebace-main\firebace-main\api\MoneyFlowApi.csproj]
C:\Program Files\dotnet\sdk\9.0.311\Microsoft.Common.CurrentVersion.targets(5394,5): warning MSB3026: Could not copy "D:\Parth\New folder (2)\firebace-main\firebace-main\api\obj\Debug\net8.0\apphost.exe" to "bin\Debug\net8.0\MoneyFlowApi.exe". Beginning retry 8 in 1000ms. The process cannot access the file 'D:\Parth\New folder (2)\firebace-main\firebace-main\api\bin\Debug\net8.0\MoneyFlowApi.exe' because it is being used by another process. The file is locked by: "MoneyFlowApi (27856)" [D:\Parth\New folder (2)\firebace-main\firebace-main\api\MoneyFlowApi.csproj]
C:\Program Files\dotnet\sdk\9.0.311\Microsoft.Common.CurrentVersion.targets(5394,5): warning MSB3026: Could not copy "D:\Parth\New folder (2)\firebace-main\firebace-main\api\obj\Debug\net8.0\apphost.exe" to "bin\Debug\net8.0\MoneyFlowApi.exe". Beginning retry 9 in 1000ms. The process cannot access the file 'D:\Parth\New folder (2)\firebace-main\firebace-main\api\bin\Debug\net8.0\MoneyFlowApi.exe' because it is being used by another process. The file is locked by: "MoneyFlowApi (27856)" [D:\Parth\New folder (2)\firebace-main\firebace-main\api\MoneyFlowApi.csproj]
C:\Program Files\dotnet\sdk\9.0.311\Microsoft.Common.CurrentVersion.targets(5394,5): warning MSB3026: Could not copy "D:\Parth\New folder (2)\firebace-main\firebace-main\api\obj\Debug\net8.0\apphost.exe" to "bin\Debug\net8.0\MoneyFlowApi.exe". Beginning retry 10 in 1000ms. The process cannot access the file 'D:\Parth\New folder (2)\firebace-main\firebace-main\api\bin\Debug\net8.0\MoneyFlowApi.exe' because it is being used by another process. The file is locked by: "MoneyFlowApi (27856)" [D:\Parth\New folder (2)\firebace-main\firebace-main\api\MoneyFlowApi.csproj]
C:\Program Files\dotnet\sdk\9.0.311\Microsoft.Common.CurrentVersion.targets(5394,5): error MSB3027: Could not copy "D:\Parth\New folder (2)\firebace-main\firebace-main\api\obj\Debug\net8.0\apphost.exe" to "bin\Debug\net8.0\MoneyFlowApi.exe". Exceeded retry count of 10. Failed. The file is locked by: "MoneyFlowApi (27856)" [D:\Parth\New folder (2)\firebace-main\firebace-main\api\MoneyFlowApi.csproj]
C:\Program Files\dotnet\sdk\9.0.311\Microsoft.Common.CurrentVersion.targets(5394,5): error MSB3021: Unable to copy file "D:\Parth\New folder (2)\firebace-main\firebace-main\api\obj\Debug\net8.0\apphost.exe" to "bin\Debug\net8.0\MoneyFlowApi.exe". The process cannot access the file 'D:\Parth\New folder (2)\firebace-main\firebace-main\api\bin\Debug\net8.0\MoneyFlowApi.exe' because it is being used by another process. [D:\Parth\New folder (2)\firebace-main\firebace-main\api\MoneyFlowApi.csproj]
    10 Warning(s)
    2 Error(s)

Time Elapsed 00:00:12.06
